console.log"hello"